// Jest Snapshot v1, https://goo.gl/fbAQLP

exports[`example-8 test-1 1`] = `"<section><h1>Welcome!</h1><p>Lorem ipsum dolor sit amet!</p><span>A Child component!</span></section>"`;
